com.poseidon.app.http.controller.TradeControllerTest.add=[
-
> GET /trade/add
< HTTP 200
< Content-Language: en
< Content-Type: text/html;charset=UTF-8
< X-Content-Type-Options: nosniff
< X-XSS-Protection: 1; mode=block
< Cache-Control: no-cache, no-store, max-age=0, must-revalidate
< Pragma: no-cache
< Expires: 0
< X-Frame-Options: DENY
"<!DOCTYPE html>"
"<html xmlns=\"http://www.w3.org/1999/xhtml\">"
"<head>"
"  <meta charset=\"utf-8\"/>"
"  <title>Home</title>"
"  <link rel=\"stylesheet\" href=\"../../css/bootstrap.min.css\">"
"</head>"
"<body>"
"<div class=\"container\">"
""
"  <div class=\"row\">"
"    <h2>Add New Trade</h2>"
"  </div>"
""
"  <div class=\"row\">"
"    <form action=\"/trade/validate\" method=\"post\" class=\"form-horizontal\" style=\"width: 100%\"><input type=\"hidden\" name=\"_csrf\" value=\"12345678-903d-4d4e-8890-3e46ad33ce00\"/>"
"      <div class=\"form-group\">"
"        <label for=\"account\" class=\"col-sm-2 control-label\">Account</label>"
"        <div class=\"col-sm-10\">"
"          <input type=\"text\" id=\"account\" placeholder=\"Account\" class=\"col-4\" name=\"account\" value=\"\">"
"          "
"        </div>"
"      </div>"
"      <div class=\"form-group\">"
"        <label for=\"type\" class=\"col-sm-2 control-label\">Type</label>"
"        <div class=\"col-sm-10\">"
"          <input type=\"text\" id=\"type\" placeholder=\"Type\" class=\"col-4\" name=\"type\" value=\"\">"
"          "
"        </div>"
"      </div>"
"      <div class=\"form-group\">"
"        <label for=\"buyQuantity\" class=\"col-sm-2 control-label\">Buy Quantity</label>"
"        <div class=\"col-sm-10\">"
"          <input type=\"text\" id=\"buyQuantity\" placeholder=\"Buy Quantity\" class=\"col-4\" name=\"buyQuantity\" value=\"\">"
"          "
"        </div>"
"      </div>"
""
""
"      <div class=\"form-group\">"
"        <div class=\"col-sm-12\">"
"          <a class=\"btn btn-danger btn-sm\" href=\"/trade/list\">Cancel</a>"
"          <input class=\"btn btn-primary btn-sm\" type=\"submit\" value=\"Add trade\">"
"        </div>"
"      </div>"
""
"    </form>"
"  </div>"
""
"</div>"
"</body>"
"</html>"
]


com.poseidon.app.http.controller.TradeControllerTest.delete=[
-
> GET /trade/delete/1
< HTTP 200
< Content-Language: en
< Content-Type: text/html;charset=UTF-8
< X-Content-Type-Options: nosniff
< X-XSS-Protection: 1; mode=block
< Cache-Control: no-cache, no-store, max-age=0, must-revalidate
< Pragma: no-cache
< Expires: 0
< X-Frame-Options: DENY
"<!DOCTYPE html>"
"<html xmlns=\"http://www.w3.org/1999/xhtml\">"
"<head>"
"  <title>Spring Boot</title>"
"</head>"
"<body>"
"<h3>Not Found Exception</h3>"
"<div>"
"  Logged in user: <b class=\"user\"> test-username </b>"
"  <form action=\"/app-logout\" method=\"POST\"><input type=\"hidden\" name=\"_csrf\" value=\"12345678-903d-4d4e-8890-3e46ad33ce00\"/>"
"    <input type=\"submit\" value=\"Logout\"/>"
"  </form>"
"</div>"
"<p class=\"error\">Entity not found.</p>"
"</body>"
"</html>"
-
> GET /trade/delete/535856
< HTTP 302
< Content-Language: en
< X-Content-Type-Options: nosniff
< X-XSS-Protection: 1; mode=block
< Cache-Control: no-cache, no-store, max-age=0, must-revalidate
< Pragma: no-cache
< Expires: 0
< X-Frame-Options: DENY
< Location: /trade/list
""
]


com.poseidon.app.http.controller.TradeControllerTest.list=[
-
> GET /trade/list
< HTTP 200
< Content-Language: en
< Content-Type: text/html;charset=UTF-8
< X-Content-Type-Options: nosniff
< X-XSS-Protection: 1; mode=block
< Cache-Control: no-cache, no-store, max-age=0, must-revalidate
< Pragma: no-cache
< Expires: 0
< X-Frame-Options: DENY
"<!DOCTYPE html>"
"<html xmlns=\"http://www.w3.org/1999/xhtml\">"
"<head>"
"  <meta charset=\"utf-8\"/>"
"  <title>Home</title>"
"  <link rel=\"stylesheet\" href=\"../../css/bootstrap.min.css\">"
"</head>"
"<body>"
"<div class=\"container\">"
"  <div class=\"row\">"
"    <div class=\"col-6\">"
"      <a href=\"/bidList/list\">Bid List</a>&nbsp;|&nbsp;"
"      <a href=\"/curvePoint/list\">Curve Points</a>&nbsp;|&nbsp;"
"      <a href=\"/rating/list\">Ratings</a>&nbsp;|&nbsp;"
"      <a href=\"/trade/list\">Trade</a>&nbsp;|&nbsp;"
"      <a href=\"/ruleName/list\">Rule</a>"
"    </div>"
"    <div class=\"col-6 text-right\">"
"      Logged in user: <b class=\"user\"> test-username </b>"
"      <form action=\"/app-logout\" method=\"POST\"><input type=\"hidden\" name=\"_csrf\" value=\"12345678-903d-4d4e-8890-3e46ad33ce00\"/>"
"        <input type=\"submit\" value=\"Logout\"/>"
"      </form>"
"    </div>"
"  </div>"
"  <div class=\"row\"><h2>Trade List</h2></div>"
"  <div class=\"row\">"
"    <a href=\"/trade/add\" class=\"btn btn-primary btn-sm\">Add New</a>"
"    <table class=\"table table-bordered\">"
"      <thead>"
"      <tr>"
"        <th>Id</th>"
"        <th>Account</th>"
"        <th>Type</th>"
"        <th>Buy Quantity</th>"
"        <th>Action</th>"
"      </tr>"
"      </thead>"
"      <tbody>"
"      <tr>"
"        <td>1</td>"
"        <td>account</td>"
"        <td>type</td>"
"        <td>2.0</td>"
"        <td style=\"width: 15%\" class=\"text-center\">"
"          <a href=\"/trade/update/1\">Edit</a>&nbsp;|&nbsp;"
"          <a href=\"/trade/delete/1\">Delete</a>"
"        </td>"
"      </tr>"
"      <tr>"
"        <td>535856</td>"
"        <td>tcuLDhiU7w</td>"
"        <td>WeENe5bmtP</td>"
"        <td>1.84388</td>"
"        <td style=\"width: 15%\" class=\"text-center\">"
"          <a href=\"/trade/update/535856\">Edit</a>&nbsp;|&nbsp;"
"          <a href=\"/trade/delete/535856\">Delete</a>"
"        </td>"
"      </tr>"
"      </tbody>"
"    </table>"
"  </div>"
"</div>"
"</body>"
"</html>"
]


com.poseidon.app.http.controller.TradeControllerTest.showUpdate=[
-
> GET /trade/update/1
< HTTP 200
< Content-Language: en
< Content-Type: text/html;charset=UTF-8
< X-Content-Type-Options: nosniff
< X-XSS-Protection: 1; mode=block
< Cache-Control: no-cache, no-store, max-age=0, must-revalidate
< Pragma: no-cache
< Expires: 0
< X-Frame-Options: DENY
"<!DOCTYPE html>"
"<html xmlns=\"http://www.w3.org/1999/xhtml\">"
"<head>"
"  <title>Spring Boot</title>"
"</head>"
"<body>"
"<h3>Not Found Exception</h3>"
"<div>"
"  Logged in user: <b class=\"user\"> test-username </b>"
"  <form action=\"/app-logout\" method=\"POST\"><input type=\"hidden\" name=\"_csrf\" value=\"12345678-903d-4d4e-8890-3e46ad33ce00\"/>"
"    <input type=\"submit\" value=\"Logout\"/>"
"  </form>"
"</div>"
"<p class=\"error\">Entity not found.</p>"
"</body>"
"</html>"
-
> GET /trade/update/535856
< HTTP 200
< Content-Language: en
< Content-Type: text/html;charset=UTF-8
< X-Content-Type-Options: nosniff
< X-XSS-Protection: 1; mode=block
< Cache-Control: no-cache, no-store, max-age=0, must-revalidate
< Pragma: no-cache
< Expires: 0
< X-Frame-Options: DENY
"<!DOCTYPE html>"
"<html xmlns=\"http://www.w3.org/1999/xhtml\">"
"<head>"
"  <meta charset=\"utf-8\"/>"
"  <title>Home</title>"
"  <link rel=\"stylesheet\" href=\"../../css/bootstrap.min.css\">"
"</head>"
"<body>"
"<div class=\"container\">"
"  <div class=\"row\">"
"    <h2>Update Trade</h2>"
"  </div>"
""
"  <div class=\"row\">"
"    <form action=\"/trade/update/535856\" method=\"post\" class=\"form-horizontal\" style=\"width: 100%\"><input type=\"hidden\" name=\"_csrf\" value=\"12345678-903d-4d4e-8890-3e46ad33ce00\"/>"
"      <div class=\"form-group\">"
"        <label for=\"account\" class=\"col-sm-2 control-label\">Account</label>"
"        <div class=\"col-sm-10\">"
"          <input type=\"text\" id=\"account\" placeholder=\"Account\" class=\"col-4\" name=\"account\" value=\"tcuLDhiU7w\">"
"          "
"        </div>"
"      </div>"
"      <div class=\"form-group\">"
"        <label for=\"type\" class=\"col-sm-2 control-label\">Type</label>"
"        <div class=\"col-sm-10\">"
"          <input type=\"text\" id=\"type\" placeholder=\"Type\" class=\"col-4\" name=\"type\" value=\"WeENe5bmtP\">"
"          "
"        </div>"
"      </div>"
"      <div class=\"form-group\">"
"        <label for=\"buyQuantity\" class=\"col-sm-2 control-label\">Buy Quantity</label>"
"        <div class=\"col-sm-10\">"
"          <input type=\"text\" id=\"buyQuantity\" placeholder=\"Buy Quantity\" class=\"col-4\" name=\"buyQuantity\" value=\"1.84388\">"
"          "
"        </div>"
"      </div>"
""
""
"      <div class=\"form-group\">"
"        <div class=\"col-sm-12\">"
"          <a class=\"btn btn-danger btn-sm\" href=\"/trade/list\">Cancel</a>"
"          <input class=\"btn btn-primary btn-sm\" type=\"submit\" value=\"Update trade\">"
"        </div>"
"      </div>"
""
"    </form>"
"  </div>"
""
"</div>"
"</body>"
"</html>"
]


com.poseidon.app.http.controller.TradeControllerTest.update=[
-
> POST /trade/update/1
< HTTP 200
< Content-Language: en
< Content-Type: text/html;charset=UTF-8
< X-Content-Type-Options: nosniff
< X-XSS-Protection: 1; mode=block
< Cache-Control: no-cache, no-store, max-age=0, must-revalidate
< Pragma: no-cache
< Expires: 0
< X-Frame-Options: DENY
"<!DOCTYPE html>"
"<html xmlns=\"http://www.w3.org/1999/xhtml\">"
"<head>"
"  <meta charset=\"utf-8\"/>"
"  <title>Home</title>"
"  <link rel=\"stylesheet\" href=\"../../css/bootstrap.min.css\">"
"</head>"
"<body>"
"<div class=\"container\">"
"  <div class=\"row\">"
"    <h2>Update Trade</h2>"
"  </div>"
""
"  <div class=\"row\">"
"    <form action=\"/trade/update/1\" method=\"post\" class=\"form-horizontal\" style=\"width: 100%\"><input type=\"hidden\" name=\"_csrf\" value=\"12345678-903d-4d4e-8890-3e46ad33ce00\"/>"
"      <div class=\"form-group\">"
"        <label for=\"account\" class=\"col-sm-2 control-label\">Account</label>"
"        <div class=\"col-sm-10\">"
"          <input type=\"text\" id=\"account\" placeholder=\"Account\" class=\"col-4\" name=\"account\" value=\"\">"
"          <p class=\"text-danger\">Account is mandatory</p>"
"        </div>"
"      </div>"
"      <div class=\"form-group\">"
"        <label for=\"type\" class=\"col-sm-2 control-label\">Type</label>"
"        <div class=\"col-sm-10\">"
"          <input type=\"text\" id=\"type\" placeholder=\"Type\" class=\"col-4\" name=\"type\" value=\"\">"
"          <p class=\"text-danger\">Type is mandatory</p>"
"        </div>"
"      </div>"
"      <div class=\"form-group\">"
"        <label for=\"buyQuantity\" class=\"col-sm-2 control-label\">Buy Quantity</label>"
"        <div class=\"col-sm-10\">"
"          <input type=\"text\" id=\"buyQuantity\" placeholder=\"Buy Quantity\" class=\"col-4\" name=\"buyQuantity\" value=\"\">"
"          <p class=\"text-danger\">Buy Quantity is mandatory</p>"
"        </div>"
"      </div>"
""
""
"      <div class=\"form-group\">"
"        <div class=\"col-sm-12\">"
"          <a class=\"btn btn-danger btn-sm\" href=\"/trade/list\">Cancel</a>"
"          <input class=\"btn btn-primary btn-sm\" type=\"submit\" value=\"Update trade\">"
"        </div>"
"      </div>"
""
"    </form>"
"  </div>"
""
"</div>"
"</body>"
"</html>"
-
> POST /trade/update/1
< HTTP 302
< Content-Language: en
< X-Content-Type-Options: nosniff
< X-XSS-Protection: 1; mode=block
< Cache-Control: no-cache, no-store, max-age=0, must-revalidate
< Pragma: no-cache
< Expires: 0
< X-Frame-Options: DENY
< Location: /trade/list
""
]


com.poseidon.app.http.controller.TradeControllerTest.validate=[
-
> POST /trade/validate
< HTTP 200
< Content-Language: en
< Content-Type: text/html;charset=UTF-8
< X-Content-Type-Options: nosniff
< X-XSS-Protection: 1; mode=block
< Cache-Control: no-cache, no-store, max-age=0, must-revalidate
< Pragma: no-cache
< Expires: 0
< X-Frame-Options: DENY
"<!DOCTYPE html>"
"<html xmlns=\"http://www.w3.org/1999/xhtml\">"
"<head>"
"  <meta charset=\"utf-8\"/>"
"  <title>Home</title>"
"  <link rel=\"stylesheet\" href=\"../../css/bootstrap.min.css\">"
"</head>"
"<body>"
"<div class=\"container\">"
""
"  <div class=\"row\">"
"    <h2>Add New Trade</h2>"
"  </div>"
""
"  <div class=\"row\">"
"    <form action=\"/trade/validate\" method=\"post\" class=\"form-horizontal\" style=\"width: 100%\"><input type=\"hidden\" name=\"_csrf\" value=\"12345678-903d-4d4e-8890-3e46ad33ce00\"/>"
"      <div class=\"form-group\">"
"        <label for=\"account\" class=\"col-sm-2 control-label\">Account</label>"
"        <div class=\"col-sm-10\">"
"          <input type=\"text\" id=\"account\" placeholder=\"Account\" class=\"col-4\" name=\"account\" value=\"\">"
"          <p class=\"text-danger\">Account is mandatory</p>"
"        </div>"
"      </div>"
"      <div class=\"form-group\">"
"        <label for=\"type\" class=\"col-sm-2 control-label\">Type</label>"
"        <div class=\"col-sm-10\">"
"          <input type=\"text\" id=\"type\" placeholder=\"Type\" class=\"col-4\" name=\"type\" value=\"\">"
"          <p class=\"text-danger\">Type is mandatory</p>"
"        </div>"
"      </div>"
"      <div class=\"form-group\">"
"        <label for=\"buyQuantity\" class=\"col-sm-2 control-label\">Buy Quantity</label>"
"        <div class=\"col-sm-10\">"
"          <input type=\"text\" id=\"buyQuantity\" placeholder=\"Buy Quantity\" class=\"col-4\" name=\"buyQuantity\" value=\"\">"
"          <p class=\"text-danger\">Buy Quantity is mandatory</p>"
"        </div>"
"      </div>"
""
""
"      <div class=\"form-group\">"
"        <div class=\"col-sm-12\">"
"          <a class=\"btn btn-danger btn-sm\" href=\"/trade/list\">Cancel</a>"
"          <input class=\"btn btn-primary btn-sm\" type=\"submit\" value=\"Add trade\">"
"        </div>"
"      </div>"
""
"    </form>"
"  </div>"
""
"</div>"
"</body>"
"</html>"
-
> POST /trade/validate
< HTTP 302
< Content-Language: en
< X-Content-Type-Options: nosniff
< X-XSS-Protection: 1; mode=block
< Cache-Control: no-cache, no-store, max-age=0, must-revalidate
< Pragma: no-cache
< Expires: 0
< X-Frame-Options: DENY
< Location: /trade/list
""
]